// Vitest Snapshot v1, https://vitest.dev/guide/snapshot.html

exports[`buildPushPayload 1`] = `
Uint8Array [
  3,
  190,
  254,
  232,
  87,
  55,
  210,
  61,
  25,
  227,
  75,
  197,
  243,
  37,
  221,
  53,
  182,
  76,
  230,
  68,
  44,
  50,
  246,
  235,
  187,
  191,
  193,
  141,
  134,
  128,
  106,
  42,
  251,
  15,
  207,
  153,
]
`;

exports[`buildPushPayload 2`] = `"post"`;

exports[`buildPushPayload 3`] = `
{
  "content-encoding": "aesgcm",
  "content-length": "36",
  "content-type": "application/octet-stream",
  "crypto-key": "dh=BO6-TCHINeAfMhq44SQLnR-3NZnAfwe2n-CjcESbHlOcJkx_8JqbcwRJMd5zrZouJbIUe2AkFnhoDavSymNyOA0;p256ecdsa=BKKXE3jJV5UJ6c8HVPam6DvMPGZK26r-M7ojsO2T_KdjdeMT2d7oQpaO-VI3o3wn33mQ8JlHta3OSJ5f67Ac5ZY",
  "encryption": "salt=4CQCKEyyOT_LysC17rsMXQ",
  "ttl": "60",
}
`;

exports[`buildPushPayload 4`] = `
[
  "WebPush eyJ0eXAiOiJKV1QiLCJhbGciOiJFUzI1NiJ9.eyJpYXQiOjk0OTQxMDAwMCwiYXVkIjoiaHR0cHM6Ly9mY20uZ29vZ2xlYXBpcy5jb20iLCJleHAiOjk0OTQ1MzIwMCwic3ViIjoibWFpbHRvOnRlc3RAdGVzdC50ZXN0In0.",
  "WebPush eyJ0eXAiOiJKV1QiLCJhbGciOiJFUzI1NiJ9.eyJpYXQiOjk0OTQxMDAwMCwiYXVkIjoiaHR0cHM6Ly9mY20uZ29vZ2xlYXBpcy5jb20iLCJleHAiOjk0OTQ1MzIwMCwic3ViIjoibWFpbHRvOnRlc3RAdGVzdC50ZXN0In0.",
]
`;
